
main.elf:     file format elf32-littlearm


Disassembly of section .text:

00000000 <vector_table>:
   0:	0000abcd 	andeq	sl, r0, sp, asr #23
   4:	00000199 	muleq	r0, r9, r1
	...

00000198 <reset_handler>:
 198:	2101      	movs	r1, #1
 19a:	2202      	movs	r2, #2
 19c:	188b      	adds	r3, r1, r2

0000019e <loop>:
 19e:	e7fe      	b.n	19e <loop>

Disassembly of section .ARM.attributes:

00000000 <.ARM.attributes>:
   0:	00002041 	andeq	r2, r0, r1, asr #32
   4:	61656100 	cmnvs	r5, r0, lsl #2
   8:	01006962 	tsteq	r0, r2, ror #18
   c:	00000016 	andeq	r0, r0, r6, lsl r0
  10:	726f4305 	rsbvc	r4, pc, #335544320	; 0x14000000
  14:	2d786574 	cfldr64cs	mvdx6, [r8, #-464]!	; 0xfffffe30
  18:	0600334d 	streq	r3, [r0], -sp, asr #6
  1c:	094d070a 	stmdbeq	sp, {r1, r3, r8, r9, sl}^
  20:	Address 0x0000000000000020 is out of bounds.

